[113780.clashroyalehackk.com/index.html]
[backblue.gif]
[fade.gif]
[index.html]
[i.imgur.com/cFiTER2.jpg]
[i.imgur.com/VW2vCyn.png]
[i.imgur.com/D2pm2av.png]
[113780.clashroyalehackk.com/img/elixir.html]
[i.imgur.com/IqJqoCp.jpg]
[113780.clashroyalehackk.com/PIE.html]
[113780.clashroyalehackk.com/img/arrow.html]
[113780.clashroyalehackk.com/img/cameraIcon.html]
[113780.clashroyalehackk.com/index.html]
[113780.clashroyalehackk.com/Popover requires tooltip.html]
[113780.clashroyalehackk.com/popup.html]
[113780.clashroyalehackk.com/img/elixir.html]
[113780.clashroyalehackk.com/PIE.html]
[113780.clashroyalehackk.com/img/PIE.html]
[113780.clashroyalehackk.com/img/Popover requires tooltip.html]
[113780.clashroyalehackk.com/img/arrow.html]
[113780.clashroyalehackk.com/img/cameraIcon.html]
[clashroyalehackk.com/img/logo.html]
[113780.clashroyalehackk.com/Popover requires tooltip.html]
[113780.clashroyalehackk.com/popup.html]
[113780.clashroyalehackk.com/img/PIE.html]
[113780.clashroyalehackk.com/img/popup.html]
[113780.clashroyalehackk.com/img/Popover requires tooltip.html]
[113780.clashroyalehackk.com/img/popup.html]
